
*** Error line 1.
*** Invalid # directive



*** Error line 2.
*** Invalid # directive



*** Error line 3.
*** Invalid # directive

 2333333


*** Error line 5.
*** Invalid # directive




*** Error line 7.
*** Invalid # directive



*** Error line 8.
*** Invalid # directive


string abc = "#JIAO";
int aa =   23333333;

            123;

4567;

*** Error line 15.
*** Invalid # directive



1;

