

 "between" 

"Comment /* in String */"

 end in String" */





"Comment

String"
