


which ends incorrect */




*** Error.
*** Input ends with unterminated comment


